hansen@hansen-ThinkPad-X201:~$ ls -l /usr/bin > ls-output.txt
hansen@hansen-ThinkPad-X201:~$ ls -l ls-output.txt
-rw-r--r-- 1 hansen hansen 102776 Feb 18 08:45 ls-output.txt
hansen@hansen-ThinkPad-X201:~$ less ls-output.txt
hansen@hansen-ThinkPad-X201:~$ ls -l /bin/user > ls-output.txt
ls: cannot access '/bin/user': No such file or directory
hansen@hansen-ThinkPad-X201:~$ ls -l ls-output.txt
-rw-r--r-- 1 hansen hansen 0 Feb 18 08:51 ls-output.txt
hansen@hansen-ThinkPad-X201:~$ > ls-output.txt
hansen@hansen-ThinkPad-X201:~$ ls -l /usr/min >> ls-output.txt
ls: cannot access '/usr/min': No such file or directory
hansen@hansen-ThinkPad-X201:~$ ls -l /usr/bin >> ls-output.txt
hansen@hansen-ThinkPad-X201:~$ ls -l /usr/bin >> ls-output.txt
hansen@hansen-ThinkPad-X201:~$ ls -l /usr/bin >> ls-output.txt
hansen@hansen-ThinkPad-X201:~$ ls -l /usr/bin >> ls-output.txt
hansen@hansen-ThinkPad-X201:~$ ls -l ls-output.txt
-rw-r--r-- 1 hansen hansen 411104 Feb 18 08:57 ls-output.txt
hansen@hansen-ThinkPad-X201:~$ ls -l /bin/usr 2> ls-error.txt
hansen@hansen-ThinkPad-X201:~$ ls -l /bin/usr > ls-output.txt 2>&1
hansen@hansen-ThinkPad-X201:~$ ls -l /bin/usr &> ls-output.txt 
hansen@hansen-ThinkPad-X201:~$ ls -l /bin/usr &>> ls-output.txt 
hansen@hansen-ThinkPad-X201:~$ ls -l /bin/usr 2> /dev/null
hansen@hansen-ThinkPad-X201:~$ cat ls-output.txt
ls: cannot access '/bin/usr': No such file or directory
ls: cannot access '/bin/usr': No such file or directory
hansen@hansen-ThinkPad-X201:~$ cat
The quick brown fox jumed over the lazy dog
The quick brown fox jumed over the lazy dog
hansen@hansen-ThinkPad-X201:~$ cat
The quick brown fox jumped over the lazy dog
The quick brown fox jumped over the lazy dog
hansen@hansen-ThinkPad-X201:~$ cat > lazy_dog.txt
The quick brown fox jumped over the lazy dog.hansen@hansen-ThinkPad-X201:~$ cat lazy_dog.txt
The quick brown fox jumped over the lazy dog.hansen@hansen-ThinkPad-X201:~$ cat > lazy_dog.txt
The quick brown fox jumped over the lazy dog.hansen@hansen-ThinkPad-X201:~$ cat < lazy_dog.txt
The quick brown fox jumped over the lazy dog.hansen@hansen-ThinkPad-X201:~$ 
hansen@hansen-ThinkPad-X201:~$ ls -l /usr/bin | less
hansen@hansen-ThinkPad-X201:~$ ls /bin /usr/bin | sort | less
hansen@hansen-ThinkPad-X201:~$ ls /bin /usr/bin | sort | uniq 

[
2to3-2.7
7z
7za
7zr
aa-enabled
aa-exec
aconnect
acpi_listen
add-apt-repository
addpart
addr2line
add-remove-locales
alsabat
alsaloop
alsamixer
alsatplg
alsaucm
amidi
amixer
amuFormat.sh
apg
apgbfm
aplay
aplaymidi
appres
appstreamcli
apropos
apt
apt-add-repository
apt-cache
apt-cdrom
apt-changelog
apt-clone
apt-config
aptdcon
apt-extracttemplates
apt-ftparchive
apt-get
aptitude
aptitude-create-state-bundle
aptitude-curses
aptitude-run-state-bundle
apt-key
apt-mark
apt-sortpkgs
apturl
apturl-gtk
ar
arch
archdetect
arecord
arecordmidi
arm2hpdl
arping
as
aseqdump
aseqnet
aspell
aspell-import
atobm
attr
avahi-browse
avahi-browse-domains
avahi-publish
avahi-publish-address
avahi-publish-service
avahi-resolve
avahi-resolve-address
avahi-resolve-host-name
avahi-set-host-name
awk
b2sum
baobab
base32
base64
basename
bash
bashbug
bc
bccmd
bdftopcf
bdftruncate
/bin:
bison
bison.yacc
bitmap
blueberry
blueberry-tray
bluemoon
bluetoothctl
bluetooth-sendto
bmtoa
boltctl
bootctl
brltty
brltty-ctb
brltty-trtxt
brltty-ttb
broadwayd
browse
bsd-from
bsd-write
bt-adapter
bt-agent
btattach
bt-device
btmgmt
btmon
bt-network
bt-obex
btrfs
btrfsck
btrfs-debug-tree
btrfs-find-root
btrfs-image
btrfs-map-logical
btrfs-select-super
btrfstune
btrfs-zero-log
bunzip2
busctl
busybox
bwrap
bzcat
bzcmp
bzdiff
bzegrep
bzexe
bzfgrep
bzgrep
bzip2
bzip2recover
bzless
bzmore
c++
c89
c89-gcc
c99
c99-gcc
cabextract
cal
calendar
calibrate_ppa
canberra-gtk-play
cancel
captoinfo
caribou-preferences
cat
catchsegv
catman
cautious-launcher
cc
cd-create-profile
cd-fix-profile
cd-iccdump
cd-it8
celluloid
c++filt
chacl
chage
chardet3
chardetect3
charmap
chattr
chcon
check_signals
chfn
chgrp
chmod
chown
chrt
chsh
chvt
cifscreds
cifsdd
cinnamon
cinnamon2d
cinnamon-control-center
cinnamon-desktop-editor
cinnamon-driver-manager
cinnamon-file-dialog
cinnamon-install-spice
cinnamon-json-makepot
cinnamon-killer-daemon
cinnamon-launcher
cinnamon-looking-glass
cinnamon-menu-editor
cinnamon-preview-gtk-theme
cinnamon-remove-application
cinnamon-screensaver
cinnamon-screensaver-command
cinnamon-screensaver-lock-dialog
cinnamon-session
cinnamon-session-cinnamon
cinnamon-session-cinnamon2d
cinnamon-session-quit
cinnamon-settings
cinnamon-settings-users
cinnamon-slideshow
cinnamon-subprocess-wrapper
cinnamon-xlet-makepot
ciptool
cjs
cjs-console
ckbcomp
cksum
clear
clear_console
cmp
codepage
col
colcrt
colormgr
colrm
column
combinediff
comm
compose
coredumpctl
corelist
cp
cpan
cpan5.26-x86_64-linux-gnu
cpio
cpp
cpp-7
crc32
c_rehash
crontab
csd-a11-keyboard
csd-a11y-settings
csd-automount
csd-background
csd-backlight-helper
csd-clipboard
csd-color
csd-cursor
csd-datetime-mechanism
csd-dummy
csd-housekeeping
csd-input-helper
csd-keyboard
csd-list-wacom
csd-locate-pointer
csd-media-keys
csd-mouse
csd-orientation
csd-power
csd-printer
csd-print-notifications
csd-screensaver-proxy
csd-smartcard
csd-sound
csd-wacom
csd-wacom-led-helper
csd-wacom-osd
csd-xrandr
csd-xsettings
csplit
ctstat
cups-calibrate
cupstestdsc
cupstestppd
curl
cut
cvt
dash
date
dbus-cleanup-sockets
dbus-daemon
dbus-launch
dbus-monitor
dbus-run-session
dbus-send
dbus-update-activation-environment
dbus-uuidgen
dbwrap_tool
dc
dccleancrw
dcfujigreen
dcfujiturn
dcfujiturn16
dconf
dcparse
dcraw
dd
ddstdecode
deallocvt
debconf
debconf-apt-progress
debconf-communicate
debconf-copydb
debconf-escape
debconf-set-selections
debconf-show
deb-systemd-helper
deb-systemd-invoke
dehtmldiff
delpart
delv
desktop-file-edit
desktop-file-install
desktop-file-validate
devdump
df
dfu-tool
dh_bash-completion
dh_dkms
dh_installxmlcatalogs
dh_perl_openssl
dh_python2
dialog
diff
diff3
diffstat
dig
dir
dircolors
dirmngr
dirmngr-client
dirname
dirsplit
dmesg
dm-tool
dnsdomainname
dns-fix
domainname
dpkg
dpkg-architecture
dpkg-buildflags
dpkg-buildpackage
dpkg-checkbuilddeps
dpkg-deb
dpkg-distaddfile
dpkg-divert
dpkg-genbuildinfo
dpkg-genchanges
dpkg-gencontrol
dpkg-gensymbols
dpkg-maintscript-helper
dpkg-mergechangelogs
dpkg-name
dpkg-parsechangelog
dpkg-query
dpkg-repack
dpkg-scanpackages
dpkg-scansources
dpkg-shlibdeps
dpkg-source
dpkg-split
dpkg-statoverride
dpkg-trigger
dpkg-vendor
drawing
driverless
driver-manager
du
dumpkeys
dvd+rw-format
dvipdf
dwp
echo
ecryptfs-add-passphrase
ecryptfsd
ecryptfs-find
ecryptfs-insert-wrapped-passphrase-into-keyring
ecryptfs-manager
ecryptfs-migrate-home
ecryptfs-mount-private
ecryptfs-recover-private
ecryptfs-rewrap-passphrase
ecryptfs-rewrite-file
ecryptfs-setup-private
ecryptfs-setup-swap
ecryptfs-stat
ecryptfs-umount-private
ecryptfs-unwrap-passphrase
ecryptfs-verify
ecryptfs-wrap-passphrase
ed
edit
editdiff
editor
editres
efibootdump
efibootmgr
egrep
eject
elfedit
enc2xs
encguess
enchant
enchant-lsmod
env
envsubst
eps2eps
eqn
esc-m
eutp
evince
ex
expand
expiry
expr
factor
faillog
faked-sysv
faked-tcp
fakeroot
fakeroot-sysv
fakeroot-tcp
fallocate
false
fc-cache
fc-cat
fc-list
fc-match
fc-pattern
fc-query
fc-scan
fc-validate
ffmpegthumbnailer
fgconsole
fgrep
file
file2brl
file-rename
file-roller
filterdiff
finalrd
find
findmnt
findsmb
firefox
fixcvsdiff
fix-qdf
flatpak
flex
flex++
flipdiff
flock
fmt
fold
fonttosfnt
foo2ddst
foo2ddst-wrapper
foo2hbpl2
foo2hbpl2-wrapper
foo2hiperc
foo2hiperc-wrapper
foo2hp
foo2hp2600-wrapper
foo2lava
foo2lava-wrapper
foo2oak
foo2oak-wrapper
foo2qpdl
foo2qpdl-wrapper
foo2slx
foo2slx-wrapper
foo2xqx
foo2xqx-wrapper
foo2zjs
foo2zjs-icc2ps
foo2zjs-pstops
foo2zjs-wrapper
foomatic-rip
free
from
fsck.btrfs
ftp
funzip
fuser
fusermount
fwupdmgr
g++
g++-7
gamma4scanimage
gapplication
gatttool
gawk
gcalccmd
gcc
gcc-7
gcc-ar
gcc-ar-7
gcc-nm
gcc-nm-7
gcc-ranlib
gcc-ranlib-7
gcore
gcov
gcov-7
gcov-dump
gcov-dump-7
gcov-tool
gcov-tool-7
gcr-viewer
gdb
gdb-add-index
gdbserver
gdbtui
gdbus
gdebi
gdebi-gtk
gdialog
gdk-pixbuf-thumbnailer
gencat
genisoimage
geqn
GET
getcifsacl
getconf
geteltorito
getent
getfacl
getfattr
gethostip
getkeycodes
getopt
gettext
gettextize
gettext.sh
ghostscript
ginstall-info
gio
gio-querymodules
gipddecode
gkbd-keyboard-display
glib-compile-schemas
glxdemo
glxgears
glxheads
glxinfo
gmplayerdvd
gnome-calculator
gnome-calendar
gnome-character-map
gnome-disk-image-mounter
gnome-disks
gnome-font-viewer
gnome-help
gnome-keyring
gnome-keyring-3
gnome-keyring-daemon
gnome-logs
gnome-power-statistics
gnome-screenshot
gnome-session
gnome-session-custom-session
gnome-session-inhibit
gnome-session-quit
gnome-system-monitor
gnome-terminal
gnome-terminal.real
gnome-terminal.wrapper
gnome-thumbnail-font
gnome-www-browser
gnote
gold
gpasswd
gpg
gpg-agent
gpgconf
gpg-connect-agent
gpgparsemail
gpgsm
gpgsplit
gpgv
gpg-wks-server
gpg-zip
gpic
gprof
gpu-manager
grep
grep-aptavail
grep-available
grep-dctrl
grep-debtags
grepdiff
grep-status
gresource
groff
grog
grops
grotty
groups
growisofs
grub-editenv
grub-file
grub-fstest
grub-glue-efi
grub-kbdcomp
grub-menulst2cfg
grub-mkfont
grub-mkimage
grub-mklayout
grub-mknetdir
grub-mkpasswd-pbkdf2
grub-mkrelpath
grub-mkrescue
grub-mkstandalone
grub-mount
grub-ntldr-img
grub-render-label
grub-script-check
grub-syslinux2cfg
gs
gsbj
gsdj
gsdj500
gsettings
gslj
gslp
gsnd
gst-device-monitor-1.0
gst-discoverer-1.0
gst-inspect-1.0
gst-install
gst-launch-1.0
gst-play-1.0
gstreamer-codec-install
gst-typefind-1.0
gtbl
gtf
gtk-builder-tool
gtk-launch
gtk-query-settings
gtk-redshift
gtk-update-icon-cache
gucharmap
gufw
gufw-pkexec
gunzip
gvfs-cat
gvfs-copy
gvfs-info
gvfs-less
gvfs-ls
gvfs-mime
gvfs-mkdir
gvfs-monitor-dir
gvfs-monitor-file
gvfs-mount
gvfs-move
gvfs-open
gvfs-rename
gvfs-rm
gvfs-save
gvfs-set-attribute
gvfs-trash
gvfs-tree
gzexe
gzip
h2ph
h2xs
hbpldecode
hciattach
hciconfig
hcitool
hd
head
HEAD
helpztags
hex2hcd
hexchat
hexdump
hipercdecode
host
hostid
hostname
hostnamectl
hp-align
hp-check
hp-clean
hp-colorcal
hp-config_usb_printer
hp-doctor
hp-firmware
hp-info
hp-levels
hp-logcapture
hp-makeuri
hp-pkservice
hp-plugin
hp-plugin-ubuntu
hp-probe
hp-query
hp-scan
hp-setup
hp-testpage
hp-timedate
i386
i686-linux-gnu-pkg-config
iceauth
ico
iconv
id
idevicebackup
idevicebackup2
idevicecrashreport
idevicedate
idevicedebug
idevicedebugserverproxy
idevicediagnostics
ideviceenterrecovery
idevice_id
ideviceimagemounter
ideviceinfo
ideviceinstaller
idevicename
idevicenotificationproxy
idevicepair
ideviceprovision
idevicescreenshot
idevicesyslog
iecset
ifuse
igawk
ijs_pxljr
im-config
im-launch
info
infobrowser
infocmp
infotocap
inputattach
install
install-info
install-printerdriver
instmodsh
intel-virtual-output
interdiff
inxi
ionice
ip
ipcmk
ipcrm
ipcs
ipod-read-sysinfo-extended
ipod-time-sync
ippfind
ipptool
iptables-xml
ischroot
isdv4-serial-debugger
isdv4-serial-inputattach
isodump
isohybrid
isohybrid.pl
isoinfo
isovfy
ispell-wrapper
java
jexec
jfr
jjs
join
join-dctrl
journalctl
jpgicc
json_pp
kbdinfo
kbd_mode
kbxutil
kernel-install
kerneloops-submit
keyctl
keytool
kill
killall
kmod
kmodsign
l2ping
l2test
laptop-detect
last
lastb
lastlog
lavadecode
lcf
ld
ld.bfd
ldd
ld.gold
less
lessecho
lessfile
lesskey
lesspipe
lex
lexgrog
libnetcfg
libreoffice
libwacom-list-local-devices
lightdm-settings
link
linkicc
lintian
lintian-info
lintian-lab-tool
linux32
linux64
linux-boot-prober
linux-check-removal
linux-update-symlinks
linux-version
listres
ln
lnstat
loadkeys
loadunimap
lobase
localc
locale
locale-check
localectl
localedef
locate
lodraw
loffice
lofromtemplate
logger
login
loginctl
logname
loimpress
lomath
look
lorder
loweb
lowntfs-3g
lowriter
lp
lpoptions
lpq
lpr
lprm
lp_solve
lpstat
ls
lsattr
lsblk
lsb_release
lscpu
lsdiff
lshw
lsinitramfs
lsipc
lslocks
lslogins
lsmem
lsmod
lsns
lsof
lspci
lspgpot
lss16toppm
lsusb
ltrace
luit
lwp-download
lwp-dump
lwp-mirror
lwp-request
lz
lzcat
lzcmp
lzdiff
lzegrep
lzfgrep
lzgrep
lzless
lzma
lzmainfo
lzmore
m2300w
m2300w-wrapper
m2400w
m4
make
make-first-existing-target
man
mandb
manpath
mapscrn
mate-about
mate-color-select
mate-desktop-item-edit
mate-help
mate-panel
mate-panel-test-applets
mattrib
mawk
mbadblocks
mcat
mcd
mcheck
mclasserase
mcomp
mcookie
mcopy
md5pass
md5sum
md5sum.textutils
mdel
mdeltree
mdig
mdir
mdu
memdiskfind
mesg
metacity
metacity-message
metacity-theme-viewer
metacity-window-demo
mformat
migrate-pubring-from-classic-gpg
mimeopen
mimetype
min12xxw
minfo
mintbackup
mintBackup
mintdrivers
mint-drivers
mintinstall
mintinstall-fp-handler
mintinstall-remove-app
mintinstall-update-flatpak
mintinstall-update-pkgcache
mintlocale
mintlocale-im
mintmenu
mint-refresh-cache
mint-release-upgrade
mint-release-upgrade-root
mint-remove-application
mintreport
mintreport-tray
mintsources
mintstick
mint-switch-to-local-mirror
mintupdate
mintupdate-automation
mintupdate-cli
mintupdate-launcher
mintupdate-tool
mintwelcome
mintwelcome-launcher
mint-xfce-delete
mkdir
mkdiskimage
mkfifo
mkfontdir
mkfontscale
mkfs.btrfs
mkisofs
mkmanifest
mk_modmap
mknod
mksquashfs
mktemp
mkzftree
mlabel
mlocate
mmcli
mmd
mmount
mmove
monitor-sensor
more
mount
mountpoint
mousetweaks
mpartition
mrd
mren
mscompress
msexpand
msgattrib
msgcat
msgcmp
msgcomm
msgconv
msgen
msgexec
msgfilter
msgfmt
msggrep
msginit
msgmerge
msgunfmt
msguniq
mshortname
mshowfat
mt
mt-gnu
mtools
mtoolstest
mtr
mtrace
mtr-packet
mtype
muffin
muffin-message
muffin-theme-viewer
muffin-window-demo
mv
mxtar
mzip
namei
nano
nawk
nc
ncal
nc.openbsd
nemo
nemo-autorun-software
nemo-connect-server
nemo-desktop
nemo-open-with
nemo-preview
neofetch
neqn
net
netcat
netkit-ftp
netstat
networkctl
networkd-dispatcher
newgrp
ngettext
nice
nisdomainname
nl
nm
nm-applet
nmblookup
nmcli
nm-connection-editor
nm-online
nmtui
nmtui-connect
nmtui-edit
nmtui-hostname
nohup
notify-send
nproc
nroff
nsenter
nslookup
nstat
nsupdate
ntfs-3g
ntfs-3g.probe
ntfscat
ntfscluster
ntfscmp
ntfsdecrypt
ntfsfallocate
ntfsfix
ntfsinfo
ntfsls
ntfsmove
ntfsrecover
ntfssecaudit
ntfstruncate
ntfsusermap
ntfswipe
numfmt
nvidia-detector
oakdecode
obexctl
obex-data-server
objcopy
objdump
oclock
od
ods-server
on_ac_power
onboard
onboard-settings
open
openssl
openvt
opldecode
orca
orca-dm-wrapper
os-prober
p11-kit
p7zip
pacat
pack200
pacmd
pactl
padsp
pager
pamon
paperconf
paplay
parec
parecord
parsechangelog
partx
passwd
paste
pastebin
pasuspender
patch
pathchk
pax11publish
pcimodules
pdb
pdb2.7
pdb3
pdb3.6
pdb3.8
pdf2dsc
pdf2ps
pdfdetach
pdffonts
pdfimages
pdfinfo
pdfseparate
pdfsig
pdftocairo
pdftohtml
pdftoppm
pdftops
pdftotext
pdfunite
peekfd
perl
perl5.26.1
perl5.26-x86_64-linux-gnu
perlbug
perldoc
perli11ndoc
perlivp
perlthanks
pf2afm
pfbtopfa
pftp
pgrep
pic
pico
piconv
pidof
pinentry
pinentry-curses
pinentry-gnome3
pinentry-x11
ping
ping4
ping6
pinky
pix
pkaction
pkcheck
pkcon
pkexec
pkg-config
pkill
pkmon
pkttyagent
pl2pm
pldd
plog
plymouth
pmap
pm-is-supported
pnm2ppa
pod2html
pod2man
pod2text
pod2usage
podchecker
podselect
poff
pon
POST
ppdc
ppdhtml
ppdi
ppdmerge
ppdpo
pphs
ppmtolss16
pr
precat
preconv
prename
preunzip
prezip
prezip-bin
print
printafm
printenv
printerbanner
printer-profile
printf
prlimit
prove
prtstat
ps
ps2ascii
ps2epsi
ps2pdf
ps2pdf12
ps2pdf13
ps2pdf14
ps2pdfwr
ps2ps
ps2ps2
ps2txt
psfaddtable
psfgettable
psfstriptable
psfxtable
psicc
pslog
pstree
pstree.x11
ptar
ptardiff
ptargrep
ptx
pulseaudio
pwd
pwdx
pxelinux-options
py3clean
py3compile
py3versions
pyclean
pycompile
pydoc
pydoc2.7
pydoc3
pydoc3.6
pydoc3.8
pygettext
pygettext2.7
pygettext3
pygettext3.6
pygettext3.8
python
python2
python2.7
python3
python3.6
python3.6m
python3.8
python3m
pyversions
qpdf
qpdldecode
qt5ct
quirks-handler
ranlib
rarian-example
rarian-sk-config
rarian-sk-extract
rarian-sk-gen-uuid
rarian-sk-get-cl
rarian-sk-get-content-list
rarian-sk-get-extended-content-list
rarian-sk-get-scripts
rarian-sk-install
rarian-sk-migrate
rarian-sk-preinstall
rarian-sk-rebuild
rarian-sk-update
rbash
rcp
rctest
rdate
rdma
readelf
readlink
realpath
recode-sr-latin
recountdiff
red
rediff
redshift
redshift-gtk
rename
rename.ul
rendercheck
renice
reset
resizecons
resizepart
rev
rfcomm
rgrep
rhythmbox
rhythmbox-client
rlogin
rm
rmdir
rmid
rmiregistry
rnano
routef
routel
rpcclient
rpcgen
rsh
rstart
rstartd
rsync
rtfm
rtstat
runcon
run-mailcap
run-parts
run-with-aspell
rview
samba-regedit
samba-tool
sane-find-scanner
savelog
sbattach
sbkeysync
sbsiglist
sbsign
sbvarsign
sbverify
scanimage
scp
scp-dbus-service
screendump
script
scriptreplay
scrollkeeper-config
scrollkeeper-extract
scrollkeeper-gen-seriesid
scrollkeeper-get-cl
scrollkeeper-get-content-list
scrollkeeper-get-extended-content-list
scrollkeeper-get-index-from-docpath
scrollkeeper-get-toc-from-docpath
scrollkeeper-get-toc-from-id
scrollkeeper-install
scrollkeeper-preinstall
scrollkeeper-rebuilddb
scrollkeeper-uninstall
scrollkeeper-update
sdiff
sdptool
seahorse
search4files
sed
see
select-default-iwrap
select-editor
sensible-browser
sensible-editor
sensible-pager
sensors
sensors-conf-convert
seq
session-installer
session-migration
sessreg
setarch
setcifsacl
set-default-locale
setfacl
setfattr
setfont
setkeycodes
setleds
setlogcons
setmetamode
setpci
setsid
setterm
setupcon
setxkbmap
sftp
sg
sh
sha1pass
sha1sum
sha224sum
sha256sum
sha256sum-mint
sha384sum
sha512sum
shasum
sh.distrib
showconsolefont
showkey
showrgb
shred
shuf
simple-scan
size
skill
slabtop
sleep
slick-greeter-check-hidpi
slick-greeter-set-keyboard-layout
slogin
slxdecode
smbcacls
smbclient
smbcquotas
smbget
smbpasswd
smbspool
smbtar
smbtree
smproxy
snice
soelim
soffice
software-properties-gtk
software-sources
sort
sort-dctrl
sotruss
spd-conf
spd-say
speaker-test
speech-dispatcher
spellintian
splain
split
splitdiff
splitfont
sprof
ss
ssh
ssh-add
ssh-agent
ssh-argv0
ssh-askpass
ssh-copy-id
ssh-keygen
ssh-keyscan
startcaja
start-pulseaudio-x11
startx
stat
static-sh
stdbuf
strace
strace-log-merge
streamer
strings
strip
stty
su
sudo
sudoedit
sudoreplay
sum
symcryptrun
synaptic-pkexec
sync
syslinux
syslinux2ansi
syslinux-legacy
system-config-printer
system-config-printer-applet
systemctl
systemd
systemd-analyze
systemd-ask-password
systemd-cat
systemd-cgls
systemd-cgtop
systemd-delta
systemd-detect-virt
systemd-escape
systemd-hwdb
systemd-inhibit
systemd-machine-id-setup
systemd-mount
systemd-notify
systemd-path
systemd-resolve
systemd-run
systemd-socket-activate
systemd-stdio-bridge
systemd-sysusers
systemd-tmpfiles
systemd-tty-ask-password-agent
systemd-umount
t1ascii
t1asm
t1binary
t1disasm
t1mac
t1unmac
tabs
tac
tail
tar
taskset
tbl
tbl-dctrl
tee
telnet
telnet.netkit
tempfile
test
testparm
tgz
Thunar-daemon
thunderbird
tic
tificc
time
timedatectl
timeout
timeshift
timeshift-gtk
timeshift-launcher
timeshift-uninstall
tload
toe
top
touch
tput
tr
tracepath
traceroute6
traceroute6.iputils
transicc
transmission-gtk
transset
troff
true
truncate
trust
tset
tsort
ttfread
tty
tzselect
ua
ubuntu-advantage
ubuntu-drivers
ucf
ucfq
ucfr
ucs2any
udevadm
udisksctl
ul
ulockmgr_server
umax_pp
umount
uname
uncompress
unexpand
unicode_start
unicode_stop
uniq
unity-scope-loader
unlink
unlzma
unmkinitramfs
unopkg
unpack200
unrar
unrar-nonfree
unshare
unshield
unsquashfs
unwrapdiff
unxz
unzip
unzipsfx
update-alternatives
updatedb
updatedb.mlocate
update-desktop-database
update-mime-database
update-perl-sax-parsers
upload-system-info
upower
uptime
usb-devices
usbhid-dump
usb_printerid
users
user-setup
/usr/bin:
utmpdump
uuidgen
uuidparse
uz
vdir
vi
view
viewres
vim.tiny
vlcdvd
vmstat
vmwarectrl
volname
vstp
w
wall
watch
watchgnupg
wc
wdctl
wget
whatis
whereis
which
whiptail
who
whoami
wmctrl
word-list-compress
wpa_passphrase
w.procps
write
X
X11
x11perf
x11perfcomp
x86_64
x86_64-linux-gnu-addr2line
x86_64-linux-gnu-ar
x86_64-linux-gnu-as
x86_64-linux-gnu-c++filt
x86_64-linux-gnu-cpp
x86_64-linux-gnu-cpp-7
x86_64-linux-gnu-dwp
x86_64-linux-gnu-elfedit
x86_64-linux-gnu-g++
x86_64-linux-gnu-g++-7
x86_64-linux-gnu-gcc
x86_64-linux-gnu-gcc-7
x86_64-linux-gnu-gcc-ar
x86_64-linux-gnu-gcc-ar-7
x86_64-linux-gnu-gcc-nm
x86_64-linux-gnu-gcc-nm-7
x86_64-linux-gnu-gcc-ranlib
x86_64-linux-gnu-gcc-ranlib-7
x86_64-linux-gnu-gcov
x86_64-linux-gnu-gcov-7
x86_64-linux-gnu-gcov-dump
x86_64-linux-gnu-gcov-dump-7
x86_64-linux-gnu-gcov-tool
x86_64-linux-gnu-gcov-tool-7
x86_64-linux-gnu-gold
x86_64-linux-gnu-gprof
x86_64-linux-gnu-ld
x86_64-linux-gnu-ld.bfd
x86_64-linux-gnu-ld.gold
x86_64-linux-gnu-nm
x86_64-linux-gnu-objcopy
x86_64-linux-gnu-objdump
x86_64-linux-gnu-pkg-config
x86_64-linux-gnu-ranlib
x86_64-linux-gnu-readelf
x86_64-linux-gnu-size
x86_64-linux-gnu-strings
x86_64-linux-gnu-strip
x86_64-pc-linux-gnu-pkg-config
xargs
xauth
xbiff
xbrlapi
xcalc
xclipboard
xclock
xcmsdb
xconsole
xcursorgen
xcutsel
xdg-desktop-icon
xdg-desktop-menu
xdg-email
xdg-icon-resource
xdg-mime
xdg-open
xdg-screensaver
xdg-settings
xdg-user-dir
xdg-user-dirs-gtk-update
xdg-user-dirs-update
xditview
xdpyinfo
xdriinfo
xed
xedit
Xephyr
xev
xeyes
xfce4-panel-start
xfce4-set-wallpaper
xfd
xfdesktop-start
xfontsel
xgamma
xgc
xgettext
xhost
xinit
xinput
xkbbell
xkbcomp
xkbevd
xkbprint
xkbvleds
xkbwatch
xkeystone
xkill
xlet-about-dialog
xlet-settings
xload
xlogo
xlsatoms
xlsclients
xlsfonts
xmag
xman
xmessage
xmodmap
xmore
Xorg
xprop
xqxdecode
xrandr
xrdb
xreader
xreader-previewer
xreader-thumbnailer
xrefresh
x-session-manager
xset
xsetmode
xsetpointer
xsetroot
xsetwacom
xsm
xstdcmap
xsubpp
x-terminal-emulator
xvidtune
xviewer
xvinfo
Xwayland
xwd
x-window-manager
xwininfo
xwud
x-www-browser
xxd
xz
xzcat
xzcmp
xzdiff
xzegrep
xzfgrep
xzgrep
xzless
xzmore
yacc
yelp
yes
ypdomainname
zcat
zcmp
zdiff
zdump
zegrep
zenity
zfgrep
zforce
zgrep
zip
zipcloak
zipdetails
zipgrep
zipinfo
zipnote
zipsplit
zjsdecode
zless
zlib-flate
zmore
znew
hansen@hansen-ThinkPad-X201:~$ ls /bin /usr/bin | sort | uniq | less
hansen@hansen-ThinkPad-X201:~$ ls /bin /usr/bin | sort | uniq -d | less
hansen@hansen-ThinkPad-X201:~$ wc ls-output.txt
  2  18 112 ls-output.txt
hansen@hansen-ThinkPad-X201:~$ ls /bin /usr/bin | sort | uniq | wc -l
1797
hansen@hansen-ThinkPad-X201:~$ ls /bin /usr/bin | sort | uniq | grep zip
bunzip2
bzip2
bzip2recover
funzip
gpg-zip
gunzip
gzip
mzip
p7zip
preunzip
prezip
prezip-bin
unzip
unzipsfx
zip
zipcloak
zipdetails
zipgrep
zipinfo
zipnote
zipsplit
hansen@hansen-ThinkPad-X201:~$ head =n 5 ls-output.txt
head: cannot open '=n' for reading: No such file or directory
head: cannot open '5' for reading: No such file or directory
==> ls-output.txt <==
ls: cannot access '/bin/usr': No such file or directory
ls: cannot access '/bin/usr': No such file or directory
hansen@hansen-ThinkPad-X201:~$ head -n 5 ls-output.txt
ls: cannot access '/bin/usr': No such file or directory
ls: cannot access '/bin/usr': No such file or directory
hansen@hansen-ThinkPad-X201:~$ tail -n 5 ls-output.txt
ls: cannot access '/bin/usr': No such file or directory
ls: cannot access '/bin/usr': No such file or directory
hansen@hansen-ThinkPad-X201:~$ ls /usr/bin | tail -n 5
zipinfo
zipnote
zipsplit
zjsdecode
zlib-flate
hansen@hansen-ThinkPad-X201:~$ tail -f /var/log/messages
tail: cannot open '/var/log/messages' for reading: No such file or directory
tail: no files remaining
hansen@hansen-ThinkPad-X201:~$ ls /usr/bin | tee ls.txt | grep zip
funzip
gpg-zip
mzip
p7zip
preunzip
prezip
prezip-bin
unzip
unzipsfx
zip
zipcloak
zipdetails
zipgrep
zipinfo
zipnote
zipsplit
hansen@hansen-ThinkPad-X201:~$ script output.txt
Script started, file is output.txt
hansen@hansen-ThinkPad-X201:~$ ls
Desktop    lazy_dog.txt   ls.txt      Pictures      Templates
Documents  ls-error.txt   Music       Public        Videos
Downloads  ls-output.txt  output.txt  Python-3.8.1
hansen@hansen-ThinkPad-X201:~$ 

